// Jest Snapshot v1, https://goo.gl/fbAQLP

exports[`The LoginForm ...renders the login form 1`] = `
<div
  class="{loginGrid Loginform-grid-3"
>
  <div
    class="{loginTitle Loginform-loginTitle-5"
    color="secondary"
    variant="h2"
  >
    <div
      class="ProgressBar-root-10"
    >
      <div
        aria-valuenow="0"
        class="MuiLinearProgress-root-11 MuiLinearProgress-colorPrimary-12 ProgressBar-bar-9"
        role="progressbar"
      >
        <div
          class="MuiLinearProgress-bar-19 MuiLinearProgress-barColorPrimary-20 MuiLinearProgress-bar1Determinate-23"
          style="transform:scaleX(0)"
        />
      </div>
    </div>
  </div>
  <div
    class="MuiFormControl-root-28 MuiFormControl-marginNormal-29 {email Loginform-email-2"
  >
    <label
      class="MuiFormLabel-root-39 MuiFormLabel-required-44 MuiInputLabel-root-32 MuiInputLabel-formControl-33 MuiInputLabel-animated-36 MuiInputLabel-outlined-38"
      data-shrink="false"
    >
      Username | Email
      <span
        class="MuiFormLabel-asterisk-45"
      >
         *
      </span>
    </label>
    <div
      class="MuiInputBase-root-59 MuiOutlinedInput-root-46 MuiInputBase-formControl-60"
    >
      <fieldset
        aria-hidden="true"
        class="MuiPrivateNotchedOutline-root-76 MuiOutlinedInput-notchedOutline-53"
        style="padding-left:8px"
      >
        <legend
          class="MuiPrivateNotchedOutline-legend-77"
          style="width:0.01px"
        />
      </fieldset>
      <input
        aria-invalid="false"
        class="MuiInputBase-input-69 MuiOutlinedInput-input-54"
        name="identifier"
        placeholder="enter username or email"
        required=""
        type="text"
        value=""
      />
    </div>
  </div>
  <div
    class="MuiFormControl-root-28 MuiFormControl-marginNormal-29 {password Loginform-password-6"
  >
    <label
      class="MuiFormLabel-root-39 MuiFormLabel-required-44 MuiInputLabel-root-32 MuiInputLabel-formControl-33 MuiInputLabel-animated-36 MuiInputLabel-outlined-38"
      data-shrink="false"
    >
      Password
      <span
        class="MuiFormLabel-asterisk-45"
      >
         *
      </span>
    </label>
    <div
      class="MuiInputBase-root-59 MuiOutlinedInput-root-46 MuiInputBase-formControl-60"
    >
      <fieldset
        aria-hidden="true"
        class="MuiPrivateNotchedOutline-root-76 MuiOutlinedInput-notchedOutline-53"
        style="padding-left:8px"
      >
        <legend
          class="MuiPrivateNotchedOutline-legend-77"
          style="width:0.01px"
        />
      </fieldset>
      <input
        aria-invalid="false"
        class="MuiInputBase-input-69 MuiOutlinedInput-input-54 MuiInputBase-inputType-72"
        name="password"
        placeholder="enter password"
        required=""
        type="password"
        value=""
      />
    </div>
  </div>
  <a
    class="Loginform-regLink-7"
    href="/register"
  >
    <p
      class="MuiTypography-root-81 MuiTypography-body1-90"
    >
      Click here for a new account
    </p>
  </a>
  <button
    class="MuiButtonBase-root-142 MuiButtonBase-disabled-143 MuiButton-root-116 MuiButton-contained-127 MuiButton-containedPrimary-128 MuiButton-raised-130 MuiButton-raisedPrimary-131 MuiButton-sizeSmall-139 MuiButton-disabled-136 {submit Loginform-submit-8"
    disabled=""
    name="Log in"
    tabindex="-1"
    type="submit"
  >
    <span
      class="MuiButton-label-117"
    >
      Go
    </span>
  </button>
</div>
`;
