// Jest Snapshot v1, https://goo.gl/fbAQLP

exports[`...renders the TaskEntry  1`] = `
<div
  class="MuiFormControl-root-1 MuiFormControl-marginDense-3 MuiFormControl-fullWidth-4"
>
  <label
    class="MuiFormLabel-root-16 MuiFormLabel-filled-20 MuiInputLabel-root-5 MuiInputLabel-formControl-10 MuiInputLabel-animated-13 MuiInputLabel-shrink-12 MuiInputLabel-marginDense-11 MuiInputLabel-outlined-15"
    data-shrink="true"
  >
    enter new task
  </label>
  <div
    class="MuiInputBase-root-36 MuiOutlinedInput-root-23 MuiInputBase-fullWidth-45 MuiInputBase-formControl-37 MuiInputBase-marginDense-43"
  >
    <fieldset
      aria-hidden="true"
      class="MuiPrivateNotchedOutline-root-53 MuiOutlinedInput-notchedOutline-30"
      style="padding-left:8px"
    >
      <legend
        class="MuiPrivateNotchedOutline-legend-54"
        style="width:0"
      >
        <span>
          â€‹
        </span>
      </legend>
    </fieldset>
    <input
      aria-invalid="false"
      class="MuiInputBase-input-46 MuiOutlinedInput-input-31 MuiInputBase-inputMarginDense-47 MuiOutlinedInput-inputMarginDense-32"
      name="task"
      type="text"
      value="med"
    />
  </div>
</div>
`;
