// Jest Snapshot v1, https://goo.gl/fbAQLP

exports[`...renders the TodoForm  1`] = `
<form
  class="MuiFormControl-root-3 TodoForm-grid-2"
>
  <div
    class="MuiFormControl-root-3 MuiFormControl-marginDense-5 MuiFormControl-fullWidth-6"
    style="grid-area:task"
  >
    <label
      class="MuiFormLabel-root-18 MuiFormLabel-required-23 MuiInputLabel-required-11 MuiInputLabel-root-7 MuiInputLabel-formControl-12 MuiInputLabel-animated-15 MuiInputLabel-marginDense-13 MuiInputLabel-outlined-17"
      data-shrink="false"
    >
      enter new task
      <span
        class="MuiFormLabel-asterisk-24"
      >
         *
      </span>
    </label>
    <div
      class="MuiInputBase-root-38 MuiOutlinedInput-root-25 MuiInputBase-fullWidth-47 MuiInputBase-formControl-39 MuiInputBase-marginDense-45"
    >
      <fieldset
        aria-hidden="true"
        class="MuiPrivateNotchedOutline-root-55 MuiOutlinedInput-notchedOutline-32"
        style="padding-left:8px"
      >
        <legend
          class="MuiPrivateNotchedOutline-legend-56"
          style="width:0.01px"
        >
          <span>
            ​
          </span>
        </legend>
      </fieldset>
      <input
        aria-invalid="false"
        class="MuiInputBase-input-48 MuiOutlinedInput-input-33 MuiInputBase-inputMarginDense-49 MuiOutlinedInput-inputMarginDense-34"
        name="task"
        required=""
        type="text"
        value=""
      />
    </div>
  </div>
  <div
    class="MuiFormControl-root-3 MuiFormControl-marginDense-5 MuiFormControl-fullWidth-6"
    style="grid-area:rank"
  >
    <label
      class="MuiFormLabel-root-18 MuiFormLabel-filled-22 MuiInputLabel-root-7 MuiInputLabel-formControl-12 MuiInputLabel-animated-15 MuiInputLabel-shrink-14 MuiInputLabel-marginDense-13 MuiInputLabel-outlined-17 Rank-label-57"
      data-shrink="true"
      for="new_item_priority"
    >
      rank
    </label>
    <div
      class="MuiInputBase-root-38 MuiOutlinedInput-root-25 MuiInputBase-fullWidth-47 MuiInputBase-formControl-39 MuiInputBase-marginDense-45"
    >
      <fieldset
        aria-hidden="true"
        class="MuiPrivateNotchedOutline-root-55 MuiOutlinedInput-notchedOutline-32"
        style="padding-left:8px"
      >
        <legend
          class="MuiPrivateNotchedOutline-legend-56"
          style="width:0"
        >
          <span>
            ​
          </span>
        </legend>
      </fieldset>
      <div
        class="MuiSelect-root-60"
      >
        <div
          aria-haspopup="true"
          aria-pressed="false"
          class="MuiSelect-select-61 MuiSelect-selectMenu-64 MuiSelect-outlined-63 MuiInputBase-input-48 MuiOutlinedInput-input-33 MuiInputBase-inputMarginDense-49 MuiOutlinedInput-inputMarginDense-34"
          role="button"
          tabindex="0"
        >
          Med
        </div>
        <input
          id="new_item_priority"
          name="rank"
          type="hidden"
          value="Med"
        />
        <svg
          aria-hidden="true"
          class="MuiSvgIcon-root-67 MuiSelect-icon-66"
          focusable="false"
          role="presentation"
          viewBox="0 0 24 24"
        >
          <path
            d="M7 10l5 5 5-5z"
          />
        </svg>
      </div>
    </div>
  </div>
  <div
    class="MuiFormControl-root-3 MuiFormControl-marginDense-5 MuiFormControl-fullWidth-6"
    style="grid-area:date"
  >
    <label
      class="MuiFormLabel-root-18 MuiFormLabel-filled-22 MuiInputLabel-root-7 MuiInputLabel-formControl-12 MuiInputLabel-animated-15 MuiInputLabel-shrink-14 MuiInputLabel-marginDense-13 MuiInputLabel-outlined-17"
      data-shrink="true"
    >
      set due date
    </label>
    <div
      class="MuiInputBase-root-38 MuiOutlinedInput-root-25 MuiInputBase-fullWidth-47 MuiInputBase-formControl-39 MuiInputBase-marginDense-45"
    >
      <fieldset
        aria-hidden="true"
        class="MuiPrivateNotchedOutline-root-55 MuiOutlinedInput-notchedOutline-32"
        style="padding-left:8px"
      >
        <legend
          class="MuiPrivateNotchedOutline-legend-56"
          style="width:0"
        >
          <span>
            ​
          </span>
        </legend>
      </fieldset>
      <input
        aria-invalid="false"
        class="MuiInputBase-input-48 MuiOutlinedInput-input-33 MuiInputBase-inputType-51 MuiInputBase-inputMarginDense-49 MuiOutlinedInput-inputMarginDense-34"
        name="date"
        type="date"
        value="2019-01-08"
      />
    </div>
  </div>
  <button
    class="MuiButtonBase-root-106 MuiButton-root-80 MuiButton-contained-91 MuiButton-containedSecondary-93 MuiButton-raised-94 MuiButton-raisedSecondary-96 TodoForm-button-1"
    tabindex="0"
    type="submit"
  >
    <span
      class="MuiButton-label-81"
    >
      Add
    </span>
  </button>
</form>
`;
